Traceback (most recent call last):
  File "/home/liyang/BioJiaheWang/scRareGCR/scagcr/main_final.py", line 155, in <module>
    if __name__=='__main__':main()
  File "/home/liyang/BioJiaheWang/scRareGCR/scagcr/main_final.py", line 116, in main
    pt=KMeans(n_clusters=nk,random_state=a.seed,n_init=20).fit_predict(zt)
  File "/home/liyang/BioJiaheWang/scAGCR/scagcr_env/lib/python3.10/site-packages/sklearn/cluster/_kmeans.py", line 1064, in fit_predict
    return self.fit(X, sample_weight=sample_weight).labels_
  File "/home/liyang/BioJiaheWang/scAGCR/scagcr_env/lib/python3.10/site-packages/sklearn/base.py", line 1365, in wrapper
    return fit_method(estimator, *args, **kwargs)
  File "/home/liyang/BioJiaheWang/scAGCR/scagcr_env/lib/python3.10/site-packages/sklearn/cluster/_kmeans.py", line 1454, in fit
    X = validate_data(
  File "/home/liyang/BioJiaheWang/scAGCR/scagcr_env/lib/python3.10/site-packages/sklearn/utils/validation.py", line 2954, in validate_data
    out = check_array(X, input_name="X", **check_params)
  File "/home/liyang/BioJiaheWang/scAGCR/scagcr_env/lib/python3.10/site-packages/sklearn/utils/validation.py", line 1105, in check_array
    _assert_all_finite(
  File "/home/liyang/BioJiaheWang/scAGCR/scagcr_env/lib/python3.10/site-packages/sklearn/utils/validation.py", line 120, in _assert_all_finite
    _assert_all_finite_element_wise(
  File "/home/liyang/BioJiaheWang/scAGCR/scagcr_env/lib/python3.10/site-packages/sklearn/utils/validation.py", line 169, in _assert_all_finite_element_wise
    raise ValueError(msg_err)
ValueError: Input X contains NaN.
KMeans does not accept missing values encoded as NaN natively. For supervised learning, you might want to consider sklearn.ensemble.HistGradientBoostingClassifier and Regressor which accept missing values encoded as NaNs natively. Alternatively, it is possible to preprocess the data, for instance by using an imputer transformer in a pipeline or drop samples with missing values. See https://scikit-learn.org/stable/modules/impute.html You can find a list of all estimators that handle NaN values at the following page: https://scikit-learn.org/stable/modules/impute.html#estimators-that-handle-nan-values
