
============================================================
数据集: GSE119531
  cells=6147, k=17
  [1/8]     V0: ARI=0.5946 F1=0.3445 MCC=0.1412 (333.5s)
  [2/8]     V1: ARI=0.5946 F1=0.3445 MCC=0.1412 (332.0s)
  [3/8]    V-O: ARI=0.6454 F1=0.4657 MCC=0.2926 (333.1s)
  [4/8]    V-P: ARI=0.5164 F1=0.4740 MCC=0.3110 (315.6s)
  [5/8]    V-L: ARI=0.5127 F1=0.5313 MCC=0.5529 (143.1s)
  [6/8]   V-OP: ARI=0.5164 F1=0.4740 MCC=0.3110 (319.0s)
  [7/8]   V-OL: ARI=0.4826 F1=0.4218 MCC=0.3383 (137.5s)
  [8/8]  V-OPL: ARI=0.6161 F1=0.5965 MCC=0.5080 (122.0s)

================================================================================
消融总表 (epochs=100, seed=1)
================================================================================

--- F1 ---
dataset                V0       V1      V-O      V-P      V-L     V-OP     V-OL    V-OPL
GSE119531          0.3445   0.3445   0.4657   0.4740   0.5313   0.4740   0.4218   0.5965

--- ARI ---
dataset                V0       V1      V-O      V-P      V-L     V-OP     V-OL    V-OPL
GSE119531          0.5946   0.5946   0.6454   0.5164   0.5127   0.5164   0.4826   0.6161

--- 平均 ---
variant    avg_F1  avg_ARI  avg_MCC
V0         0.3445   0.5946   0.1412
V1         0.3445   0.5946   0.1412
V-O        0.4657   0.6454   0.2926
V-P        0.4740   0.5164   0.3110
V-L        0.5313   0.5127   0.5529
V-OP       0.4740   0.5164   0.3110
V-OL       0.4218   0.4826   0.3383
V-OPL      0.5965   0.6161   0.5080

详细结果: ../results/ablation/ablation_seed1.json
总耗时: 2036s
