
============================================================
数据集: GSE139658
  cells=9662, k=24
  [1/8]     V0: ARI=0.5878 F1=0.6819 MCC=0.5075 (344.4s)
  [2/8]     V1: ARI=0.6383 F1=0.6864 MCC=0.4979 (356.2s)
  [3/8]    V-O: ARI=0.5601 F1=0.4167 MCC=0.0638 (362.5s)
  [4/8]    V-P: ARI=0.5189 F1=0.5505 MCC=0.3027 (327.9s)
  [5/8]    V-L: ARI=0.7186 F1=0.3862 MCC=0.4131 (273.6s)
  [6/8]   V-OP: ARI=0.5189 F1=0.5505 MCC=0.3027 (330.2s)
  [7/8]   V-OL: ARI=0.7323 F1=0.6776 MCC=0.4813 (231.2s)
  [8/8]  V-OPL: ARI=0.7543 F1=0.6183 MCC=0.4664 (211.5s)

================================================================================
消融总表 (epochs=100, seed=1)
================================================================================

--- F1 ---
dataset                V0       V1      V-O      V-P      V-L     V-OP     V-OL    V-OPL
GSE139658          0.6819   0.6864   0.4167   0.5505   0.3862   0.5505   0.6776   0.6183

--- ARI ---
dataset                V0       V1      V-O      V-P      V-L     V-OP     V-OL    V-OPL
GSE139658          0.5878   0.6383   0.5601   0.5189   0.7186   0.5189   0.7323   0.7543

--- 平均 ---
variant    avg_F1  avg_ARI  avg_MCC
V0         0.6819   0.5878   0.5075
V1         0.6864   0.6383   0.4979
V-O        0.4167   0.5601   0.0638
V-P        0.5505   0.5189   0.3027
V-L        0.3862   0.7186   0.4131
V-OP       0.5505   0.5189   0.3027
V-OL       0.6776   0.7323   0.4813
V-OPL      0.6183   0.7543   0.4664

详细结果: ../results/ablation/ablation_seed1.json
总耗时: 2439s
