
============================================================
数据集: 10X_PBMC
  cells=4271, k=8
  [1/8]     V0: ARI=0.7611 F1=0.0000 MCC=-0.0436 (589.1s)
  [2/8]     V1: ARI=0.7582 F1=0.7667 MCC=0.7624 (578.5s)
  [3/8]    V-O: ARI=0.7611 F1=0.0000 MCC=-0.0436 (646.5s)
  [4/8]    V-P: ARI=0.7273 F1=0.0000 MCC=-0.0399 (504.1s)
  [5/8]    V-L: ARI=0.7082 F1=0.0000 MCC=-0.0189 (207.6s)
  [6/8]   V-OP: ARI=0.7315 F1=0.0000 MCC=-0.0397 (552.0s)
  [7/8]   V-OL: ARI=0.6361 F1=0.0000 MCC=-0.0169 (195.2s)
  [8/8]  V-OPL: ARI=0.7236 F1=0.0000 MCC=-0.0400 (183.0s)

================================================================================
消融总表 (epochs=100, seed=1)
================================================================================

--- F1 ---
dataset                V0       V1      V-O      V-P      V-L     V-OP     V-OL    V-OPL
10X_PBMC           0.0000   0.7667   0.0000   0.0000   0.0000   0.0000   0.0000   0.0000

--- ARI ---
dataset                V0       V1      V-O      V-P      V-L     V-OP     V-OL    V-OPL
10X_PBMC           0.7611   0.7582   0.7611   0.7273   0.7082   0.7315   0.6361   0.7236

--- 平均 ---
variant    avg_F1  avg_ARI  avg_MCC
V0         0.0000   0.7611  -0.0436
V1         0.7667   0.7582   0.7624
V-O        0.0000   0.7611  -0.0436
V-P        0.0000   0.7273  -0.0399
V-L        0.0000   0.7082  -0.0189
V-OP       0.0000   0.7315  -0.0397
V-OL       0.0000   0.6361  -0.0169
V-OPL      0.0000   0.7236  -0.0400

详细结果: ../results/ablation/ablation_seed1.json
总耗时: 3457s
