
============================================================
数据集: GSE81861
  cells=577, k=7
  [1/8]     V0: ARI=0.7403 F1=0.4259 MCC=0.4013 (20.0s)
  [2/8]     V1: ARI=0.7079 F1=0.5714 MCC=0.5674 (11.4s)
  [3/8]    V-O: ARI=0.7079 F1=0.5714 MCC=0.5674 (11.4s)
  [4/8]    V-P: ARI=0.0776 F1=0.0635 MCC=0.0107 (10.7s)
  [5/8]    V-L: ARI=0.2091 F1=0.0312 MCC=-0.0249 (34.8s)
  [6/8]   V-OP: ARI=0.0445 F1=0.0000 MCC=0.0000 (10.8s)
  [7/8]   V-OL: ARI=0.2008 F1=0.0317 MCC=-0.0232 (18.3s)
  [8/8]  V-OPL: ARI=0.0650 F1=0.0000 MCC=0.0000 (18.1s)

================================================================================
消融总表 (epochs=100, seed=1)
================================================================================

--- F1 ---
dataset                V0       V1      V-O      V-P      V-L     V-OP     V-OL    V-OPL
GSE81861           0.4259   0.5714   0.5714   0.0635   0.0312   0.0000   0.0317   0.0000

--- ARI ---
dataset                V0       V1      V-O      V-P      V-L     V-OP     V-OL    V-OPL
GSE81861           0.7403   0.7079   0.7079   0.0776   0.2091   0.0445   0.2008   0.0650

--- 平均 ---
variant    avg_F1  avg_ARI  avg_MCC
V0         0.4259   0.7403   0.4013
V1         0.5714   0.7079   0.5674
V-O        0.5714   0.7079   0.5674
V-P        0.0635   0.0776   0.0107
V-L        0.0312   0.2091  -0.0249
V-OP       0.0000   0.0445   0.0000
V-OL       0.0317   0.2008  -0.0232
V-OPL      0.0000   0.0650   0.0000

详细结果: ../results/ablation/ablation_seed1.json
总耗时: 137s
