
============================================================
数据集: GSE45719
  cells=291, k=13
  [1/8]     V0: ARI=0.5206 F1=0.7727 MCC=0.7100 (12.6s)
  [2/8]     V1: ARI=0.5177 F1=0.7727 MCC=0.7100 (10.4s)
  [3/8]    V-O: ARI=0.5076 F1=0.5983 MCC=0.5215 (10.5s)
  [4/8]    V-P: ARI=0.4814 F1=0.9281 MCC=0.9070 (10.0s)
  [5/8]    V-L: ARI=0.4622 F1=0.5185 MCC=0.4557 (28.1s)
  [6/8]   V-OP: ARI=0.4814 F1=0.9281 MCC=0.9070 (10.2s)
  [7/8]   V-OL: ARI=0.4952 F1=0.5321 MCC=0.4685 (16.1s)
  [8/8]  V-OPL: ARI=0.4743 F1=0.4423 MCC=0.3772 (15.5s)

================================================================================
消融总表 (epochs=100, seed=1)
================================================================================

--- F1 ---
dataset                V0       V1      V-O      V-P      V-L     V-OP     V-OL    V-OPL
GSE45719           0.7727   0.7727   0.5983   0.9281   0.5185   0.9281   0.5321   0.4423

--- ARI ---
dataset                V0       V1      V-O      V-P      V-L     V-OP     V-OL    V-OPL
GSE45719           0.5206   0.5177   0.5076   0.4814   0.4622   0.4814   0.4952   0.4743

--- 平均 ---
variant    avg_F1  avg_ARI  avg_MCC
V0         0.7727   0.5206   0.7100
V1         0.7727   0.5177   0.7100
V-O        0.5983   0.5076   0.5215
V-P        0.9281   0.4814   0.9070
V-L        0.5185   0.4622   0.4557
V-OP       0.9281   0.4814   0.9070
V-OL       0.5321   0.4952   0.4685
V-OPL      0.4423   0.4743   0.3772

详细结果: ../results/ablation/ablation_seed1.json
总耗时: 114s
