
============================================================
数据集: GSE67835
  cells=466, k=9
  [1/8]     V0: ARI=0.6217 F1=0.6726 MCC=0.6283 (13.7s)
  [2/8]     V1: ARI=0.5927 F1=0.6667 MCC=0.6215 (10.1s)
  [3/8]    V-O: ARI=0.5293 F1=0.7048 MCC=0.6677 (10.4s)
  [4/8]    V-P: ARI=0.5194 F1=0.7292 MCC=0.7055 (9.7s)
  [5/8]    V-L: ARI=0.7041 F1=0.6964 MCC=0.6556 (27.8s)
  [6/8]   V-OP: ARI=0.5194 F1=0.7292 MCC=0.7055 (9.9s)
  [7/8]   V-OL: ARI=0.5582 F1=0.4658 MCC=0.5017 (14.1s)
  [8/8]  V-OPL: ARI=0.5589 F1=0.7143 MCC=0.6856 (13.6s)

================================================================================
消融总表 (epochs=100, seed=1)
================================================================================

--- F1 ---
dataset                V0       V1      V-O      V-P      V-L     V-OP     V-OL    V-OPL
GSE67835           0.6726   0.6667   0.7048   0.7292   0.6964   0.7292   0.4658   0.7143

--- ARI ---
dataset                V0       V1      V-O      V-P      V-L     V-OP     V-OL    V-OPL
GSE67835           0.6217   0.5927   0.5293   0.5194   0.7041   0.5194   0.5582   0.5589

--- 平均 ---
variant    avg_F1  avg_ARI  avg_MCC
V0         0.6726   0.6217   0.6283
V1         0.6667   0.5927   0.6215
V-O        0.7048   0.5293   0.6677
V-P        0.7292   0.5194   0.7055
V-L        0.6964   0.7041   0.6556
V-OP       0.7292   0.5194   0.7055
V-OL       0.4658   0.5582   0.5017
V-OPL      0.7143   0.5589   0.6856

详细结果: ../results/ablation/ablation_seed1.json
总耗时: 111s
