
============================================================
数据集: Pollen
  cells=301, k=11
  [1/8]     V0: ARI=0.9432 F1=0.6522 MCC=0.6234 (11.6s)
  [2/8]     V1: ARI=0.9396 F1=0.6818 MCC=0.6576 (9.4s)
  [3/8]    V-O: ARI=0.9061 F1=0.0000 MCC=-0.0334 (9.7s)
  [4/8]    V-P: ARI=0.8508 F1=0.0000 MCC=-0.0635 (9.2s)
  [5/8]    V-L: ARI=0.9137 F1=0.0000 MCC=0.0000 (29.0s)
  [6/8]   V-OP: ARI=0.9047 F1=0.1538 MCC=0.0991 (9.2s)
  [7/8]   V-OL: ARI=0.9063 F1=0.0000 MCC=0.0000 (16.0s)
  [8/8]  V-OPL: ARI=0.8922 F1=0.0000 MCC=0.0000 (15.5s)

================================================================================
消融总表 (epochs=100, seed=1)
================================================================================

--- F1 ---
dataset                V0       V1      V-O      V-P      V-L     V-OP     V-OL    V-OPL
Pollen             0.6522   0.6818   0.0000   0.0000   0.0000   0.1538   0.0000   0.0000

--- ARI ---
dataset                V0       V1      V-O      V-P      V-L     V-OP     V-OL    V-OPL
Pollen             0.9432   0.9396   0.9061   0.8508   0.9137   0.9047   0.9063   0.8922

--- 平均 ---
variant    avg_F1  avg_ARI  avg_MCC
V0         0.6522   0.9432   0.6234
V1         0.6818   0.9396   0.6576
V-O        0.0000   0.9061  -0.0334
V-P        0.0000   0.8508  -0.0635
V-L        0.0000   0.9137   0.0000
V-OP       0.1538   0.9047   0.0991
V-OL       0.0000   0.9063   0.0000
V-OPL      0.0000   0.8922   0.0000

详细结果: ../results/ablation/ablation_seed1.json
总耗时: 110s
