
============================================================
数据集: GSE103354
  cells=7193, k=7
  [1/8]     V0: ARI=0.7726 F1=0.6242 MCC=0.6069 (322.6s)
  [2/8]     V1: ARI=0.7495 F1=0.5800 MCC=0.5636 (329.2s)
  [3/8]    V-O: ARI=0.5318 F1=0.4249 MCC=0.3991 (332.5s)
  [4/8]    V-P: ARI=0.4940 F1=0.4273 MCC=0.4186 (318.3s)
  [5/8]    V-L: ARI=0.8041 F1=0.5518 MCC=0.5300 (173.6s)
  [6/8]   V-OP: ARI=0.4940 F1=0.4273 MCC=0.4186 (322.2s)
  [7/8]   V-OL: ARI=0.8197 F1=0.6285 MCC=0.6101 (169.7s)
  [8/8]  V-OPL: ARI=0.8074 F1=0.4444 MCC=0.4339 (152.3s)

================================================================================
消融总表 (epochs=100, seed=1)
================================================================================

--- F1 ---
dataset                V0       V1      V-O      V-P      V-L     V-OP     V-OL    V-OPL
GSE103354          0.6242   0.5800   0.4249   0.4273   0.5518   0.4273   0.6285   0.4444

--- ARI ---
dataset                V0       V1      V-O      V-P      V-L     V-OP     V-OL    V-OPL
GSE103354          0.7726   0.7495   0.5318   0.4940   0.8041   0.4940   0.8197   0.8074

--- 平均 ---
variant    avg_F1  avg_ARI  avg_MCC
V0         0.6242   0.7726   0.6069
V1         0.5800   0.7495   0.5636
V-O        0.4249   0.5318   0.3991
V-P        0.4273   0.4940   0.4186
V-L        0.5518   0.8041   0.5300
V-OP       0.4273   0.4940   0.4186
V-OL       0.6285   0.8197   0.6101
V-OPL      0.4444   0.8074   0.4339

详细结果: ../results/ablation/ablation_seed1.json
总耗时: 2124s
