
============================================================
数据集: GSE75688
  cells=515, k=5
  [1/8]     V0: ARI=0.7575 F1=0.0000 MCC=0.0000 (13.2s)
  [2/8]     V1: ARI=0.7302 F1=0.4000 MCC=0.3727 (10.1s)
  [3/8]    V-O: ARI=0.7302 F1=0.4000 MCC=0.3727 (10.5s)
  [4/8]    V-P: ARI=0.4371 F1=0.0000 MCC=-0.0446 (9.1s)
  [5/8]    V-L: ARI=0.1954 F1=0.0426 MCC=-0.0319 (31.9s)
  [6/8]   V-OP: ARI=0.4371 F1=0.0000 MCC=-0.0446 (9.4s)
  [7/8]   V-OL: ARI=0.1641 F1=0.2524 MCC=0.2447 (17.9s)
  [8/8]  V-OPL: ARI=0.1585 F1=0.2500 MCC=0.2565 (18.1s)

================================================================================
消融总表 (epochs=100, seed=1)
================================================================================

--- F1 ---
dataset                V0       V1      V-O      V-P      V-L     V-OP     V-OL    V-OPL
GSE75688           0.0000   0.4000   0.4000   0.0000   0.0426   0.0000   0.2524   0.2500

--- ARI ---
dataset                V0       V1      V-O      V-P      V-L     V-OP     V-OL    V-OPL
GSE75688           0.7575   0.7302   0.7302   0.4371   0.1954   0.4371   0.1641   0.1585

--- 平均 ---
variant    avg_F1  avg_ARI  avg_MCC
V0         0.0000   0.7575   0.0000
V1         0.4000   0.7302   0.3727
V-O        0.4000   0.7302   0.3727
V-P        0.0000   0.4371  -0.0446
V-L        0.0426   0.1954  -0.0319
V-OP       0.0000   0.4371  -0.0446
V-OL       0.2524   0.1641   0.2447
V-OPL      0.2500   0.1585   0.2565

详细结果: ../results/ablation/ablation_seed1.json
总耗时: 122s
