=== scRareGCR ablation Tue Jun  2 17:23:10 CST 2026 ===

============================================================
数据集: Pollen
  cells=301, k=11
  [1/40]     V0: ARI=0.9367 F1=0.0000 MCC=-0.0334 (6.6s)
  [2/40]     V1: ARI=0.9367 F1=0.0000 MCC=-0.0334 (4.6s)
  [3/40]    V-O: ARI=0.9444 F1=0.0000 MCC=-0.0827 (4.8s)
  [4/40]    V-P: ARI=0.9047 F1=0.1538 MCC=0.0991 (4.4s)
  [5/40]    V-L: ARI=0.9137 F1=0.0000 MCC=0.0000 (29.0s)
  [6/40]   V-OP: ARI=0.9047 F1=0.1538 MCC=0.0991 (4.7s)
  [7/40]   V-OL: ARI=0.9063 F1=0.0000 MCC=0.0000 (8.3s)
  [8/40]  V-OPL: ARI=0.8922 F1=0.0000 MCC=0.0000 (8.3s)

============================================================
数据集: GSE45719
  cells=291, k=13
  [9/40]     V0: ARI=0.4942 F1=0.7727 MCC=0.7100 (5.3s)
  [10/40]     V1: ARI=0.5177 F1=0.7727 MCC=0.7100 (5.0s)
  [11/40]    V-O: ARI=0.5255 F1=0.7727 MCC=0.7100 (5.0s)
  [12/40]    V-P: ARI=0.4814 F1=0.9281 MCC=0.9070 (4.8s)
  [13/40]    V-L: ARI=0.4622 F1=0.5185 MCC=0.4557 (8.9s)
  [14/40]   V-OP: ARI=0.4814 F1=0.9281 MCC=0.9070 (5.0s)
  [15/40]   V-OL: ARI=0.4622 F1=0.5185 MCC=0.4557 (8.5s)
  [16/40]  V-OPL: ARI=0.4743 F1=0.4423 MCC=0.3772 (8.5s)

============================================================
数据集: GSE67835
  cells=466, k=9
  [17/40]     V0: ARI=0.5180 F1=0.6981 MCC=0.6595 (5.7s)
  [18/40]     V1: ARI=0.5596 F1=0.7027 MCC=0.6629 (5.7s)
  [19/40]    V-O: ARI=0.5187 F1=0.6981 MCC=0.6595 (5.3s)
  [20/40]    V-P: ARI=0.5194 F1=0.7292 MCC=0.7055 (5.0s)
  [21/40]    V-L: ARI=0.7041 F1=0.6964 MCC=0.6556 (8.2s)
  [22/40]   V-OP: ARI=0.5194 F1=0.7292 MCC=0.7055 (5.1s)
  [23/40]   V-OL: ARI=0.5596 F1=0.4800 MCC=0.5031 (9.0s)
  [24/40]  V-OPL: ARI=0.5841 F1=0.4800 MCC=0.5031 (8.4s)

============================================================
数据集: GSE75688
  cells=515, k=5
  [25/40]     V0: ARI=0.7543 F1=0.0000 MCC=0.0000 (5.3s)
  [26/40]     V1: ARI=0.7302 F1=0.4000 MCC=0.3727 (5.3s)
  [27/40]    V-O: ARI=0.7302 F1=0.4000 MCC=0.3727 (5.2s)
  [28/40]    V-P: ARI=0.4371 F1=0.0000 MCC=-0.0446 (4.8s)
  [29/40]    V-L: ARI=0.1641 F1=0.2524 MCC=0.2447 (8.8s)
  [30/40]   V-OP: ARI=0.4371 F1=0.0000 MCC=-0.0446 (4.7s)
  [31/40]   V-OL: ARI=0.1641 F1=0.2524 MCC=0.2447 (9.1s)
  [32/40]  V-OPL: ARI=0.1585 F1=0.2500 MCC=0.2565 (9.4s)

============================================================
数据集: GSE81861
  cells=577, k=7
  [33/40]     V0: ARI=0.7403 F1=0.4259 MCC=0.4013 (5.8s)
  [34/40]     V1: ARI=0.7079 F1=0.5714 MCC=0.5674 (5.9s)
  [35/40]    V-O: ARI=0.7079 F1=0.5714 MCC=0.5674 (6.1s)
  [36/40]    V-P: ARI=0.0776 F1=0.0635 MCC=0.0107 (5.7s)
  [37/40]    V-L: ARI=0.2091 F1=0.0312 MCC=-0.0249 (9.7s)
  [38/40]   V-OP: ARI=0.0776 F1=0.0635 MCC=0.0107 (5.6s)
  [39/40]   V-OL: ARI=0.2008 F1=0.0317 MCC=-0.0232 (9.2s)
  [40/40]  V-OPL: ARI=0.0649 F1=0.0000 MCC=0.0000 (9.6s)

================================================================================
消融总表 (epochs=50, seed=1)
================================================================================

--- F1 ---
dataset                V0       V1      V-O      V-P      V-L     V-OP     V-OL    V-OPL
Pollen             0.0000   0.0000   0.0000   0.1538   0.0000   0.1538   0.0000   0.0000
GSE45719           0.7727   0.7727   0.7727   0.9281   0.5185   0.9281   0.5185   0.4423
GSE67835           0.6981   0.7027   0.6981   0.7292   0.6964   0.7292   0.4800   0.4800
GSE75688           0.0000   0.4000   0.4000   0.0000   0.2524   0.0000   0.2524   0.2500
GSE81861           0.4259   0.5714   0.5714   0.0635   0.0312   0.0635   0.0317   0.0000

--- ARI ---
dataset                V0       V1      V-O      V-P      V-L     V-OP     V-OL    V-OPL
Pollen             0.9367   0.9367   0.9444   0.9047   0.9137   0.9047   0.9063   0.8922
GSE45719           0.4942   0.5177   0.5255   0.4814   0.4622   0.4814   0.4622   0.4743
GSE67835           0.5180   0.5596   0.5187   0.5194   0.7041   0.5194   0.5596   0.5841
GSE75688           0.7543   0.7302   0.7302   0.4371   0.1641   0.4371   0.1641   0.1585
GSE81861           0.7403   0.7079   0.7079   0.0776   0.2091   0.0776   0.2008   0.0649

--- 平均 ---
variant    avg_F1  avg_ARI  avg_MCC
V0         0.3793   0.6887   0.3475
V1         0.4894   0.6904   0.4559
V-O        0.4884   0.6853   0.4454
V-P        0.3749   0.4840   0.3355
V-L        0.2997   0.4906   0.2662
V-OP       0.3749   0.4840   0.3355
V-OL       0.2565   0.4586   0.2361
V-OPL      0.2345   0.4348   0.2274

详细结果: ../results/ablation/ablation_seed1.json
总耗时: 286s
=== DONE Tue Jun  2 17:28:11 CST 2026 ===
