参数组合: 108, 数据集: 1, 总实验: 108

======================================================================
GSE75688 (cells=515, k=5)
  [10/108] g1.5_rb0.5_ot0.1_clamp_2.5: F1=0.4000 ARI=0.7302 (11s)
  [20/108] g1.5_rb1.0_ot0.0_clamp_1.3: F1=0.4000 ARI=0.7302 (10s)
  [30/108] g1.5_rb1.0_ot0.1_softrank: F1=0.4000 ARI=0.7302 (10s)
  [40/108] g2.0_rb0.5_ot0.0_clamp_2.5: F1=0.4000 ARI=0.7302 (11s)
  [50/108] g2.0_rb0.5_ot0.3_clamp_1.3: F1=0.4000 ARI=0.7302 (10s)
  [60/108] g2.0_rb1.0_ot0.0_softrank: F1=0.4000 ARI=0.7302 (10s)
  [70/108] g2.0_rb1.0_ot0.3_clamp_2.5: F1=0.4000 ARI=0.7302 (11s)
  [80/108] g2.5_rb0.5_ot0.1_clamp_1.3: F1=0.4000 ARI=0.7302 (11s)
  [90/108] g2.5_rb0.5_ot0.3_softrank: F1=0.4000 ARI=0.7302 (11s)
  [100/108] g2.5_rb1.0_ot0.1_clamp_2.5: F1=0.4000 ARI=0.7302 (11s)

  Top5 by F1:
    #1 g1.5_rb0.5_ot0.0_off: F1=0.4000 ARI=0.7302 MCC=0.3727
    #2 g1.5_rb0.5_ot0.0_clamp_1.3: F1=0.4000 ARI=0.7302 MCC=0.3727
    #3 g1.5_rb0.5_ot0.0_clamp_1.8: F1=0.4000 ARI=0.7302 MCC=0.3727
    #4 g1.5_rb0.5_ot0.0_clamp_2.5: F1=0.4000 ARI=0.7302 MCC=0.3727
    #5 g1.5_rb0.5_ot0.0_rank: F1=0.4000 ARI=0.7302 MCC=0.3727
  Top5 综合(F1×0.4+MCC×0.3+ARI×0.3):
    #1 g1.5_rb0.5_ot0.0_off: score=0.4909 F1=0.4000 ARI=0.7302
    #2 g1.5_rb0.5_ot0.0_clamp_1.3: score=0.4909 F1=0.4000 ARI=0.7302
    #3 g1.5_rb0.5_ot0.0_clamp_1.8: score=0.4909 F1=0.4000 ARI=0.7302
    #4 g1.5_rb0.5_ot0.0_clamp_2.5: score=0.4909 F1=0.4000 ARI=0.7302
    #5 g1.5_rb0.5_ot0.0_rank: score=0.4909 F1=0.4000 ARI=0.7302

======================================================================
跨数据集 Top10 参数组合
======================================================================
  # 1 g1.5_rb0.5_ot0.0_off                     avg_score=0.4909 (n=1)
  # 2 g1.5_rb0.5_ot0.0_clamp_1.3               avg_score=0.4909 (n=1)
  # 3 g1.5_rb0.5_ot0.0_clamp_1.8               avg_score=0.4909 (n=1)
  # 4 g1.5_rb0.5_ot0.0_clamp_2.5               avg_score=0.4909 (n=1)
  # 5 g1.5_rb0.5_ot0.0_rank                    avg_score=0.4909 (n=1)
  # 6 g1.5_rb0.5_ot0.0_softrank                avg_score=0.4909 (n=1)
  # 7 g1.5_rb0.5_ot0.1_off                     avg_score=0.4909 (n=1)
  # 8 g1.5_rb0.5_ot0.1_clamp_1.3               avg_score=0.4909 (n=1)
  # 9 g1.5_rb0.5_ot0.1_clamp_1.8               avg_score=0.4909 (n=1)
  #10 g1.5_rb0.5_ot0.1_clamp_2.5               avg_score=0.4909 (n=1)

总耗时: 1156s
保存: ../results/tune_seed1.json
