参数组合: 108, 数据集: 1, 总实验: 108

======================================================================
Pollen (cells=301, k=11)
  [10/108] g1.5_rb0.5_ot0.1_clamp_2.5: F1=0.6522 ARI=0.9432 (45s)
  [20/108] g1.5_rb1.0_ot0.0_clamp_1.3: F1=0.6522 ARI=0.9432 (48s)
  [30/108] g1.5_rb1.0_ot0.1_softrank: F1=0.6522 ARI=0.9432 (46s)
  [40/108] g2.0_rb0.5_ot0.0_clamp_2.5: F1=0.0000 ARI=0.9429 (44s)
  [50/108] g2.0_rb0.5_ot0.3_clamp_1.3: F1=0.0000 ARI=0.9409 (47s)
  [60/108] g2.0_rb1.0_ot0.0_softrank: F1=0.0000 ARI=0.9429 (40s)
  [70/108] g2.0_rb1.0_ot0.3_clamp_2.5: F1=0.0000 ARI=0.9429 (43s)
  [80/108] g2.5_rb0.5_ot0.1_clamp_1.3: F1=0.1111 ARI=0.9000 (45s)
  [90/108] g2.5_rb0.5_ot0.3_softrank: F1=0.1111 ARI=0.8983 (50s)
  [100/108] g2.5_rb1.0_ot0.1_clamp_2.5: F1=0.0851 ARI=0.9424 (42s)

  Top5 by F1:
    #1 g1.5_rb0.5_ot0.0_off: F1=0.6818 ARI=0.9396 MCC=0.6576
    #2 g1.5_rb0.5_ot0.1_off: F1=0.6818 ARI=0.9396 MCC=0.6576
    #3 g1.5_rb0.5_ot0.3_off: F1=0.6818 ARI=0.9396 MCC=0.6576
    #4 g1.5_rb1.0_ot0.0_off: F1=0.6818 ARI=0.9396 MCC=0.6576
    #5 g1.5_rb1.0_ot0.1_off: F1=0.6818 ARI=0.9396 MCC=0.6576
  Top5 综合(F1×0.4+MCC×0.3+ARI×0.3):
    #1 g1.5_rb0.5_ot0.0_off: score=0.7519 F1=0.6818 ARI=0.9396
    #2 g1.5_rb0.5_ot0.1_off: score=0.7519 F1=0.6818 ARI=0.9396
    #3 g1.5_rb0.5_ot0.3_off: score=0.7519 F1=0.6818 ARI=0.9396
    #4 g1.5_rb1.0_ot0.0_off: score=0.7519 F1=0.6818 ARI=0.9396
    #5 g1.5_rb1.0_ot0.1_off: score=0.7519 F1=0.6818 ARI=0.9396

======================================================================
跨数据集 Top10 参数组合
======================================================================
  # 1 g1.5_rb0.5_ot0.0_off                     avg_score=0.7519 (n=1)
  # 2 g1.5_rb0.5_ot0.1_off                     avg_score=0.7519 (n=1)
  # 3 g1.5_rb0.5_ot0.3_off                     avg_score=0.7519 (n=1)
  # 4 g1.5_rb1.0_ot0.0_off                     avg_score=0.7519 (n=1)
  # 5 g1.5_rb1.0_ot0.1_off                     avg_score=0.7519 (n=1)
  # 6 g1.5_rb1.0_ot0.3_off                     avg_score=0.7519 (n=1)
  # 7 g1.5_rb0.5_ot0.0_clamp_1.3               avg_score=0.7309 (n=1)
  # 8 g1.5_rb0.5_ot0.0_clamp_1.8               avg_score=0.7309 (n=1)
  # 9 g1.5_rb0.5_ot0.0_clamp_2.5               avg_score=0.7309 (n=1)
  #10 g1.5_rb0.5_ot0.0_softrank                avg_score=0.7309 (n=1)

总耗时: 4837s
保存: ../results/tune_seed1.json
