参数组合: 108, 数据集: 1, 总实验: 108

======================================================================
GSE45719 (cells=291, k=13)
  [10/108] g1.5_rb0.5_ot0.1_clamp_2.5: F1=0.7727 ARI=0.5164 (44s)
  [20/108] g1.5_rb1.0_ot0.0_clamp_1.3: F1=0.7612 ARI=0.4856 (49s)
  [30/108] g1.5_rb1.0_ot0.1_softrank: F1=0.7727 ARI=0.5073 (45s)
  [40/108] g2.0_rb0.5_ot0.0_clamp_2.5: F1=0.7612 ARI=0.4895 (45s)
  [50/108] g2.0_rb0.5_ot0.3_clamp_1.3: F1=0.7727 ARI=0.5002 (47s)
  [60/108] g2.0_rb1.0_ot0.0_softrank: F1=0.7727 ARI=0.5206 (45s)
  [70/108] g2.0_rb1.0_ot0.3_clamp_2.5: F1=0.7727 ARI=0.4956 (50s)
  [80/108] g2.5_rb0.5_ot0.1_clamp_1.3: F1=0.7727 ARI=0.4973 (48s)
  [90/108] g2.5_rb0.5_ot0.3_softrank: F1=0.7727 ARI=0.5062 (49s)
  [100/108] g2.5_rb1.0_ot0.1_clamp_2.5: F1=0.7727 ARI=0.4981 (44s)

  Top5 by F1:
    #1 g1.5_rb0.5_ot0.3_clamp_2.5: F1=0.8293 ARI=0.4920 MCC=0.8002
    #2 g1.5_rb1.0_ot0.3_clamp_2.5: F1=0.8293 ARI=0.4920 MCC=0.8002
    #3 g2.5_rb0.5_ot0.3_clamp_2.5: F1=0.8293 ARI=0.5051 MCC=0.8002
    #4 g2.5_rb1.0_ot0.3_clamp_2.5: F1=0.8293 ARI=0.5051 MCC=0.8002
    #5 g1.5_rb0.5_ot0.0_off: F1=0.7727 ARI=0.5177 MCC=0.7100
  Top5 综合(F1×0.4+MCC×0.3+ARI×0.3):
    #1 g2.5_rb0.5_ot0.3_clamp_2.5: score=0.7233 F1=0.8293 ARI=0.5051
    #2 g2.5_rb1.0_ot0.3_clamp_2.5: score=0.7233 F1=0.8293 ARI=0.5051
    #3 g1.5_rb0.5_ot0.3_clamp_2.5: score=0.7194 F1=0.8293 ARI=0.4920
    #4 g1.5_rb1.0_ot0.3_clamp_2.5: score=0.7194 F1=0.8293 ARI=0.4920
    #5 g2.0_rb0.5_ot0.0_clamp_1.8: score=0.6805 F1=0.7727 ARI=0.5282

======================================================================
跨数据集 Top10 参数组合
======================================================================
  # 1 g2.5_rb0.5_ot0.3_clamp_2.5               avg_score=0.7233 (n=1)
  # 2 g2.5_rb1.0_ot0.3_clamp_2.5               avg_score=0.7233 (n=1)
  # 3 g1.5_rb0.5_ot0.3_clamp_2.5               avg_score=0.7194 (n=1)
  # 4 g1.5_rb1.0_ot0.3_clamp_2.5               avg_score=0.7194 (n=1)
  # 5 g2.0_rb0.5_ot0.0_clamp_1.8               avg_score=0.6805 (n=1)
  # 6 g2.0_rb1.0_ot0.0_clamp_1.8               avg_score=0.6805 (n=1)
  # 7 g2.0_rb0.5_ot0.0_off                     avg_score=0.6801 (n=1)
  # 8 g2.0_rb1.0_ot0.0_off                     avg_score=0.6801 (n=1)
  # 9 g2.0_rb0.5_ot0.1_clamp_1.8               avg_score=0.6791 (n=1)
  #10 g2.0_rb1.0_ot0.1_clamp_1.8               avg_score=0.6791 (n=1)

总耗时: 5019s
保存: ../results/tune_seed1.json
