参数组合: 108, 数据集: 1, 总实验: 108

======================================================================
GSE67835 (cells=466, k=9)
  [10/108] g1.5_rb0.5_ot0.1_clamp_2.5: F1=0.7027 ARI=0.6087 (11s)
  [20/108] g1.5_rb1.0_ot0.0_clamp_1.3: F1=0.6552 ARI=0.6089 (11s)
  [30/108] g1.5_rb1.0_ot0.1_softrank: F1=0.6500 ARI=0.6079 (11s)
  [40/108] g2.0_rb0.5_ot0.0_clamp_2.5: F1=0.5455 ARI=0.6077 (11s)
  [50/108] g2.0_rb0.5_ot0.3_clamp_1.3: F1=0.6842 ARI=0.5030 (11s)
  [60/108] g2.0_rb1.0_ot0.0_softrank: F1=0.5607 ARI=0.6117 (11s)
  [70/108] g2.0_rb1.0_ot0.3_clamp_2.5: F1=0.7027 ARI=0.4890 (11s)
  [80/108] g2.5_rb0.5_ot0.1_clamp_1.3: F1=0.6909 ARI=0.5441 (11s)
  [90/108] g2.5_rb0.5_ot0.3_softrank: F1=0.6909 ARI=0.5597 (11s)
  [100/108] g2.5_rb1.0_ot0.1_clamp_2.5: F1=0.7027 ARI=0.5442 (11s)

  Top5 by F1:
    #1 g1.5_rb0.5_ot0.1_off: F1=0.7917 ARI=0.5113 MCC=0.7757
    #2 g1.5_rb1.0_ot0.1_off: F1=0.7917 ARI=0.5113 MCC=0.7757
    #3 g2.5_rb0.5_ot0.1_off: F1=0.7360 ARI=0.5841 MCC=0.7047
    #4 g2.5_rb1.0_ot0.1_off: F1=0.7360 ARI=0.5841 MCC=0.7047
    #5 g2.5_rb0.5_ot0.3_clamp_1.3: F1=0.7037 ARI=0.5352 MCC=0.6649
  Top5 综合(F1×0.4+MCC×0.3+ARI×0.3):
    #1 g1.5_rb0.5_ot0.1_off: score=0.7028 F1=0.7917 ARI=0.5113
    #2 g1.5_rb1.0_ot0.1_off: score=0.7028 F1=0.7917 ARI=0.5113
    #3 g2.5_rb0.5_ot0.1_off: score=0.6810 F1=0.7360 ARI=0.5841
    #4 g2.5_rb1.0_ot0.1_off: score=0.6810 F1=0.7360 ARI=0.5841
    #5 g1.5_rb0.5_ot0.1_clamp_2.5: score=0.6626 F1=0.7027 ARI=0.6087

======================================================================
跨数据集 Top10 参数组合
======================================================================
  # 1 g1.5_rb0.5_ot0.1_off                     avg_score=0.7028 (n=1)
  # 2 g1.5_rb1.0_ot0.1_off                     avg_score=0.7028 (n=1)
  # 3 g2.5_rb0.5_ot0.1_off                     avg_score=0.6810 (n=1)
  # 4 g2.5_rb1.0_ot0.1_off                     avg_score=0.6810 (n=1)
  # 5 g1.5_rb0.5_ot0.1_clamp_2.5               avg_score=0.6626 (n=1)
  # 6 g1.5_rb1.0_ot0.1_clamp_2.5               avg_score=0.6626 (n=1)
  # 7 g1.5_rb0.5_ot0.1_clamp_1.8               avg_score=0.6624 (n=1)
  # 8 g1.5_rb1.0_ot0.1_clamp_1.8               avg_score=0.6624 (n=1)
  # 9 g2.0_rb0.5_ot0.3_clamp_1.8               avg_score=0.6571 (n=1)
  #10 g2.0_rb1.0_ot0.3_clamp_1.8               avg_score=0.6571 (n=1)

总耗时: 1187s
保存: ../results/tune_seed1.json
