
============================================================
数据集: 10X_PBMC
  cells=4271, k=8
  [1/11]      V1: ARI=0.7582 F1=0.7667 MCC=0.7624 (292s)
  [2/11]   V1+A1: ARI=0.7582 F1=0.7667 MCC=0.7624 (293s)
  [3/11]   V1+A3: ARI=0.7563 F1=0.7667 MCC=0.7624 (293s)
  [4/11]   V1+A5: ARI=0.7563 F1=0.7667 MCC=0.7624 (292s)
  [5/11]    V1+B: ARI=0.7564 F1=0.7712 MCC=0.7686 (296s)
  [6/11]   V1+C1: ARI=0.7453 F1=0.5918 MCC=0.6071 (295s)
  [7/11]   V1+C2: ARI=0.7563 F1=0.5612 MCC=0.5952 (296s)
  [8/11]   V1+AB: ARI=0.7600 F1=0.7752 MCC=0.7730 (298s)
  [9/11]   V1+AC: ARI=0.7464 F1=0.5924 MCC=0.6089 (297s)
  [10/11]   V1+BC: ARI=0.7440 F1=0.5797 MCC=0.6022 (297s)
  [11/11]  V1+ABC: ARI=0.7442 F1=0.5811 MCC=0.6033 (299s)

================================================================================
--- F1 ---
ds                    V1   V1+A1   V1+A3   V1+A5    V1+B   V1+C1   V1+C2   V1+AB   V1+AC   V1+BC  V1+ABC
10X_PBMC          0.7667  0.7667  0.7667  0.7667  0.7712  0.5918  0.5612  0.7752  0.5924  0.5797  0.5811

--- ARI ---
ds                    V1   V1+A1   V1+A3   V1+A5    V1+B   V1+C1   V1+C2   V1+AB   V1+AC   V1+BC  V1+ABC
10X_PBMC          0.7582  0.7582  0.7563  0.7563  0.7564  0.7453  0.7563  0.7600  0.7464  0.7440  0.7442

--- 平均 ---
var           F1     ARI     MCC
V1        0.7667  0.7582  0.7624
V1+A1     0.7667  0.7582  0.7624
V1+A3     0.7667  0.7563  0.7624
V1+A5     0.7667  0.7563  0.7624
V1+B      0.7712  0.7564  0.7686
V1+C1     0.5918  0.7453  0.6071
V1+C2     0.5612  0.7563  0.5952
V1+AB     0.7752  0.7600  0.7730
V1+AC     0.5924  0.7464  0.6089
V1+BC     0.5797  0.7440  0.6022
V1+ABC    0.5811  0.7442  0.6033

保存: ../results/ablation_v2/v2_seed1.json
