
============================================================
数据集: Crohn
  cells=20000, k=27
  [1/11]      V1: ARI=0.4220 F1=0.6343 MCC=0.5050 (619s)
  [2/11]   V1+A1: ARI=0.4220 F1=0.6343 MCC=0.5050 (627s)
  [3/11]   V1+A3: ARI=0.4220 F1=0.6343 MCC=0.5050 (604s)
  [4/11]   V1+A5: ARI=0.4220 F1=0.6343 MCC=0.5050 (609s)
  [5/11]    V1+B: ARI=0.4220 F1=0.6343 MCC=0.5050 (603s)
  [6/11]   V1+C1: ARI=0.3885 F1=0.6826 MCC=0.5703 (592s)
  [7/11]   V1+C2: ARI=0.3519 F1=0.5890 MCC=0.4361 (583s)
  [8/11]   V1+AB: ARI=0.4220 F1=0.6343 MCC=0.5050 (595s)
  [9/11]   V1+AC: ARI=0.4147 F1=0.5792 MCC=0.4258 (605s)
  [10/11]   V1+BC: ARI=0.3740 F1=0.6253 MCC=0.4889 (612s)
  [11/11]  V1+ABC: ARI=0.4274 F1=0.5880 MCC=0.4416 (622s)

================================================================================
--- F1 ---
ds                    V1   V1+A1   V1+A3   V1+A5    V1+B   V1+C1   V1+C2   V1+AB   V1+AC   V1+BC  V1+ABC
Crohn             0.6343  0.6343  0.6343  0.6343  0.6343  0.6826  0.5890  0.6343  0.5792  0.6253  0.5880

--- ARI ---
ds                    V1   V1+A1   V1+A3   V1+A5    V1+B   V1+C1   V1+C2   V1+AB   V1+AC   V1+BC  V1+ABC
Crohn             0.4220  0.4220  0.4220  0.4220  0.4220  0.3885  0.3519  0.4220  0.4147  0.3740  0.4274

--- 平均 ---
var           F1     ARI     MCC
V1        0.6343  0.4220  0.5050
V1+A1     0.6343  0.4220  0.5050
V1+A3     0.6343  0.4220  0.5050
V1+A5     0.6343  0.4220  0.5050
V1+B      0.6343  0.4220  0.5050
V1+C1     0.6826  0.3885  0.5703
V1+C2     0.5890  0.3519  0.4361
V1+AB     0.6343  0.4220  0.5050
V1+AC     0.5792  0.4147  0.4258
V1+BC     0.6253  0.3740  0.4889
V1+ABC    0.5880  0.4274  0.4416

保存: ../results/ablation_v2/v2_seed1.json
