
============================================================
数据集: GSE67835
  cells=466, k=9
  [1/11]      V1: ARI=0.5927 F1=0.6667 MCC=0.6215 (12s)
  [2/11]   V1+A1: ARI=0.5113 F1=0.7917 MCC=0.7757 (11s)
  [3/11]   V1+A3: ARI=0.6086 F1=0.6726 MCC=0.6283 (11s)
  [4/11]   V1+A5: ARI=0.5942 F1=0.6847 MCC=0.6424 (11s)
  [5/11]    V1+B: ARI=0.5978 F1=0.6552 MCC=0.6083 (10s)
  [6/11]   V1+C1: ARI=0.5270 F1=0.7156 MCC=0.6780 (11s)
  [7/11]   V1+C2: ARI=0.5041 F1=0.4318 MCC=0.3882 (10s)
  [8/11]   V1+AB: ARI=0.5007 F1=0.8041 MCC=0.7880 (11s)
  [9/11]   V1+AC: ARI=0.5802 F1=0.6842 MCC=0.6415 (11s)
  [10/11]   V1+BC: ARI=0.5259 F1=0.7027 MCC=0.6629 (11s)
  [11/11]  V1+ABC: ARI=0.5793 F1=0.6903 MCC=0.6484 (12s)

================================================================================
--- F1 ---
ds                    V1   V1+A1   V1+A3   V1+A5    V1+B   V1+C1   V1+C2   V1+AB   V1+AC   V1+BC  V1+ABC
GSE67835          0.6667  0.7917  0.6726  0.6847  0.6552  0.7156  0.4318  0.8041  0.6842  0.7027  0.6903

--- ARI ---
ds                    V1   V1+A1   V1+A3   V1+A5    V1+B   V1+C1   V1+C2   V1+AB   V1+AC   V1+BC  V1+ABC
GSE67835          0.5927  0.5113  0.6086  0.5942  0.5978  0.5270  0.5041  0.5007  0.5802  0.5259  0.5793

--- 平均 ---
var           F1     ARI     MCC
V1        0.6667  0.5927  0.6215
V1+A1     0.7917  0.5113  0.7757
V1+A3     0.6726  0.6086  0.6283
V1+A5     0.6847  0.5942  0.6424
V1+B      0.6552  0.5978  0.6083
V1+C1     0.7156  0.5270  0.6780
V1+C2     0.4318  0.5041  0.3882
V1+AB     0.8041  0.5007  0.7880
V1+AC     0.6842  0.5802  0.6415
V1+BC     0.7027  0.5259  0.6629
V1+ABC    0.6903  0.5793  0.6484

保存: ../results/ablation_v2/v2_seed1.json
