
============================================================
数据集: GSE81861
  cells=577, k=7
  [1/11]      V1: ARI=0.7079 F1=0.5714 MCC=0.5674 (13s)
  [2/11]   V1+A1: ARI=0.7079 F1=0.5714 MCC=0.5674 (12s)
  [3/11]   V1+A3: ARI=0.7079 F1=0.5714 MCC=0.5674 (12s)
  [4/11]   V1+A5: ARI=0.7079 F1=0.5714 MCC=0.5674 (12s)
  [5/11]    V1+B: ARI=0.7079 F1=0.5714 MCC=0.5674 (12s)
  [6/11]   V1+C1: ARI=0.2855 F1=0.0267 MCC=-0.0409 (12s)
  [7/11]   V1+C2: ARI=0.2806 F1=0.0909 MCC=0.0189 (12s)
  [8/11]   V1+AB: ARI=0.7079 F1=0.5714 MCC=0.5674 (12s)
  [9/11]   V1+AC: ARI=0.4450 F1=0.0278 MCC=-0.0369 (13s)
  [10/11]   V1+BC: ARI=0.3598 F1=0.4174 MCC=0.3975 (12s)
  [11/11]  V1+ABC: ARI=0.3402 F1=0.0698 MCC=-0.0030 (13s)

================================================================================
--- F1 ---
ds                    V1   V1+A1   V1+A3   V1+A5    V1+B   V1+C1   V1+C2   V1+AB   V1+AC   V1+BC  V1+ABC
GSE81861          0.5714  0.5714  0.5714  0.5714  0.5714  0.0267  0.0909  0.5714  0.0278  0.4174  0.0698

--- ARI ---
ds                    V1   V1+A1   V1+A3   V1+A5    V1+B   V1+C1   V1+C2   V1+AB   V1+AC   V1+BC  V1+ABC
GSE81861          0.7079  0.7079  0.7079  0.7079  0.7079  0.2855  0.2806  0.7079  0.4450  0.3598  0.3402

--- 平均 ---
var           F1     ARI     MCC
V1        0.5714  0.7079  0.5674
V1+A1     0.5714  0.7079  0.5674
V1+A3     0.5714  0.7079  0.5674
V1+A5     0.5714  0.7079  0.5674
V1+B      0.5714  0.7079  0.5674
V1+C1     0.0267  0.2855 -0.0409
V1+C2     0.0909  0.2806  0.0189
V1+AB     0.5714  0.7079  0.5674
V1+AC     0.0278  0.4450 -0.0369
V1+BC     0.4174  0.3598  0.3975
V1+ABC    0.0698  0.3402 -0.0030

保存: ../results/ablation_v2/v2_seed1.json
