
============================================================
数据集: GSE159115_ccRCC
  cells=20000, k=13
  [1/11]      V1: ARI=0.5598 F1=0.5930 MCC=0.5263 (510s)
  [2/11]   V1+A1: ARI=0.5598 F1=0.5931 MCC=0.5265 (514s)
  [3/11]   V1+A3: ARI=0.5598 F1=0.5931 MCC=0.5265 (512s)
  [4/11]   V1+A5: ARI=0.5598 F1=0.5931 MCC=0.5265 (519s)
  [5/11]    V1+B: ARI=0.5616 F1=0.3639 MCC=0.2738 (528s)
  [6/11]   V1+C1: ARI=0.6647 F1=0.4530 MCC=0.3657 (532s)
  [7/11]   V1+C2: ARI=0.7358 F1=0.3032 MCC=0.1637 (521s)
  [8/11]   V1+AB: ARI=0.5617 F1=0.3640 MCC=0.2740 (522s)
  [9/11]   V1+AC: ARI=0.6778 F1=0.4529 MCC=0.3655 (533s)
  [10/11]   V1+BC: ARI=0.7182 F1=0.4123 MCC=0.3173 (526s)
  [11/11]  V1+ABC: ARI=0.6916 F1=0.4555 MCC=0.3690 (529s)

================================================================================
--- F1 ---
ds                    V1   V1+A1   V1+A3   V1+A5    V1+B   V1+C1   V1+C2   V1+AB   V1+AC   V1+BC  V1+ABC
GSE159115_ccRCC   0.5930  0.5931  0.5931  0.5931  0.3639  0.4530  0.3032  0.3640  0.4529  0.4123  0.4555

--- ARI ---
ds                    V1   V1+A1   V1+A3   V1+A5    V1+B   V1+C1   V1+C2   V1+AB   V1+AC   V1+BC  V1+ABC
GSE159115_ccRCC   0.5598  0.5598  0.5598  0.5598  0.5616  0.6647  0.7358  0.5617  0.6778  0.7182  0.6916

--- 平均 ---
var           F1     ARI     MCC
V1        0.5930  0.5598  0.5263
V1+A1     0.5931  0.5598  0.5265
V1+A3     0.5931  0.5598  0.5265
V1+A5     0.5931  0.5598  0.5265
V1+B      0.3639  0.5616  0.2738
V1+C1     0.4530  0.6647  0.3657
V1+C2     0.3032  0.7358  0.1637
V1+AB     0.3640  0.5617  0.2740
V1+AC     0.4529  0.6778  0.3655
V1+BC     0.4123  0.7182  0.3173
V1+ABC    0.4555  0.6916  0.3690

保存: ../results/ablation_v2/v2_seed1.json
