
============================================================
数据集: GSE75688
  cells=515, k=5
  [1/11]      V1: ARI=0.7302 F1=0.4000 MCC=0.3727 (12s)
  [2/11]   V1+A1: ARI=0.7302 F1=0.4000 MCC=0.3727 (11s)
  [3/11]   V1+A3: ARI=0.7302 F1=0.4000 MCC=0.3727 (11s)
  [4/11]   V1+A5: ARI=0.7302 F1=0.4000 MCC=0.3727 (11s)
  [5/11]    V1+B: ARI=0.7302 F1=0.4000 MCC=0.3727 (11s)
  [6/11]   V1+C1: ARI=0.2554 F1=0.0000 MCC=0.0000 (11s)
  [7/11]   V1+C2: ARI=-0.0970 F1=0.0000 MCC=0.0000 (11s)
  [8/11]   V1+AB: ARI=0.7302 F1=0.4000 MCC=0.3727 (11s)
  [9/11]   V1+AC: ARI=0.2729 F1=0.0000 MCC=0.0000 (11s)
  [10/11]   V1+BC: ARI=0.2572 F1=0.0000 MCC=0.0000 (11s)
  [11/11]  V1+ABC: ARI=0.2516 F1=0.0000 MCC=0.0000 (11s)

================================================================================
--- F1 ---
ds                    V1   V1+A1   V1+A3   V1+A5    V1+B   V1+C1   V1+C2   V1+AB   V1+AC   V1+BC  V1+ABC
GSE75688          0.4000  0.4000  0.4000  0.4000  0.4000  0.0000  0.0000  0.4000  0.0000  0.0000  0.0000

--- ARI ---
ds                    V1   V1+A1   V1+A3   V1+A5    V1+B   V1+C1   V1+C2   V1+AB   V1+AC   V1+BC  V1+ABC
GSE75688          0.7302  0.7302  0.7302  0.7302  0.7302  0.2554 -0.0970  0.7302  0.2729  0.2572  0.2516

--- 平均 ---
var           F1     ARI     MCC
V1        0.4000  0.7302  0.3727
V1+A1     0.4000  0.7302  0.3727
V1+A3     0.4000  0.7302  0.3727
V1+A5     0.4000  0.7302  0.3727
V1+B      0.4000  0.7302  0.3727
V1+C1     0.0000  0.2554  0.0000
V1+C2     0.0000 -0.0970  0.0000
V1+AB     0.4000  0.7302  0.3727
V1+AC     0.0000  0.2729  0.0000
V1+BC     0.0000  0.2572  0.0000
V1+ABC    0.0000  0.2516  0.0000

保存: ../results/ablation_v2/v2_seed1.json
