
============================================================
数据集: GSE103354
  cells=7193, k=7
  [1/11]      V1: ARI=0.7495 F1=0.5800 MCC=0.5636 (334s)
  [2/11]   V1+A1: ARI=0.7495 F1=0.5800 MCC=0.5636 (334s)
  [3/11]   V1+A3: ARI=0.7495 F1=0.5800 MCC=0.5636 (333s)
  [4/11]   V1+A5: ARI=0.7495 F1=0.5800 MCC=0.5636 (333s)
  [5/11]    V1+B: ARI=0.7495 F1=0.5800 MCC=0.5636 (335s)
  [6/11]   V1+C1: ARI=0.4650 F1=0.4485 MCC=0.4461 (335s)
  [7/11]   V1+C2: ARI=0.4996 F1=0.3318 MCC=0.3824 (335s)
  [8/11]   V1+AB: ARI=0.7495 F1=0.5800 MCC=0.5636 (339s)
  [9/11]   V1+AC: ARI=0.4729 F1=0.6314 MCC=0.6187 (338s)
  [10/11]   V1+BC: ARI=0.4143 F1=0.5256 MCC=0.5876 (337s)
  [11/11]  V1+ABC: ARI=0.3903 F1=0.4967 MCC=0.5654 (340s)

================================================================================
--- F1 ---
ds                    V1   V1+A1   V1+A3   V1+A5    V1+B   V1+C1   V1+C2   V1+AB   V1+AC   V1+BC  V1+ABC
GSE103354         0.5800  0.5800  0.5800  0.5800  0.5800  0.4485  0.3318  0.5800  0.6314  0.5256  0.4967

--- ARI ---
ds                    V1   V1+A1   V1+A3   V1+A5    V1+B   V1+C1   V1+C2   V1+AB   V1+AC   V1+BC  V1+ABC
GSE103354         0.7495  0.7495  0.7495  0.7495  0.7495  0.4650  0.4996  0.7495  0.4729  0.4143  0.3903

--- 平均 ---
var           F1     ARI     MCC
V1        0.5800  0.7495  0.5636
V1+A1     0.5800  0.7495  0.5636
V1+A3     0.5800  0.7495  0.5636
V1+A5     0.5800  0.7495  0.5636
V1+B      0.5800  0.7495  0.5636
V1+C1     0.4485  0.4650  0.4461
V1+C2     0.3318  0.4996  0.3824
V1+AB     0.5800  0.7495  0.5636
V1+AC     0.6314  0.4729  0.6187
V1+BC     0.5256  0.4143  0.5876
V1+ABC    0.4967  0.3903  0.5654

保存: ../results/ablation_v2/v2_seed1.json
