
============================================================
数据集: GSE45719
  cells=291, k=13
  [1/11]      V1: ARI=0.5177 F1=0.7727 MCC=0.7100 (11s)
  [2/11]   V1+A1: ARI=0.5134 F1=0.7727 MCC=0.7100 (10s)
  [3/11]   V1+A3: ARI=0.4958 F1=0.7556 MCC=0.6835 (10s)
  [4/11]   V1+A5: ARI=0.4997 F1=0.8293 MCC=0.8002 (10s)
  [5/11]    V1+B: ARI=0.5177 F1=0.7727 MCC=0.7100 (10s)
  [6/11]   V1+C1: ARI=0.5289 F1=0.9281 MCC=0.9070 (10s)
  [7/11]   V1+C2: ARI=0.4720 F1=0.9793 MCC=0.9728 (10s)
  [8/11]   V1+AB: ARI=0.4927 F1=0.7445 MCC=0.6668 (10s)
  [9/11]   V1+AC: ARI=0.5092 F1=0.9281 MCC=0.9070 (10s)
  [10/11]   V1+BC: ARI=0.5207 F1=0.7669 MCC=0.7010 (10s)
  [11/11]  V1+ABC: ARI=0.4729 F1=0.9930 MCC=0.9908 (10s)

================================================================================
--- F1 ---
ds                    V1   V1+A1   V1+A3   V1+A5    V1+B   V1+C1   V1+C2   V1+AB   V1+AC   V1+BC  V1+ABC
GSE45719          0.7727  0.7727  0.7556  0.8293  0.7727  0.9281  0.9793  0.7445  0.9281  0.7669  0.9930

--- ARI ---
ds                    V1   V1+A1   V1+A3   V1+A5    V1+B   V1+C1   V1+C2   V1+AB   V1+AC   V1+BC  V1+ABC
GSE45719          0.5177  0.5134  0.4958  0.4997  0.5177  0.5289  0.4720  0.4927  0.5092  0.5207  0.4729

--- 平均 ---
var           F1     ARI     MCC
V1        0.7727  0.5177  0.7100
V1+A1     0.7727  0.5134  0.7100
V1+A3     0.7556  0.4958  0.6835
V1+A5     0.8293  0.4997  0.8002
V1+B      0.7727  0.5177  0.7100
V1+C1     0.9281  0.5289  0.9070
V1+C2     0.9793  0.4720  0.9728
V1+AB     0.7445  0.4927  0.6668
V1+AC     0.9281  0.5092  0.9070
V1+BC     0.7669  0.5207  0.7010
V1+ABC    0.9930  0.4729  0.9908

保存: ../results/ablation_v2/v2_seed1.json
