
============================================================
数据集: GSE119531
  cells=6147, k=17
  [1/11]      V1: ARI=0.5946 F1=0.3445 MCC=0.1412 (347s)
  [2/11]   V1+A1: ARI=0.5946 F1=0.3445 MCC=0.1412 (347s)
  [3/11]   V1+A3: ARI=0.5946 F1=0.3445 MCC=0.1412 (347s)
  [4/11]   V1+A5: ARI=0.5946 F1=0.3445 MCC=0.1412 (348s)
  [5/11]    V1+B: ARI=0.5946 F1=0.3445 MCC=0.1412 (348s)
  [6/11]   V1+C1: ARI=0.5923 F1=0.3673 MCC=0.1832 (348s)
  [7/11]   V1+C2: ARI=0.3999 F1=0.2889 MCC=0.0442 (348s)
  [8/11]   V1+AB: ARI=0.5946 F1=0.3445 MCC=0.1412 (352s)
  [9/11]   V1+AC: ARI=0.5081 F1=0.2892 MCC=0.0284 (353s)
  [10/11]   V1+BC: ARI=0.5888 F1=0.3094 MCC=0.0808 (351s)
  [11/11]  V1+ABC: ARI=0.5303 F1=0.3103 MCC=0.0750 (354s)

================================================================================
--- F1 ---
ds                    V1   V1+A1   V1+A3   V1+A5    V1+B   V1+C1   V1+C2   V1+AB   V1+AC   V1+BC  V1+ABC
GSE119531         0.3445  0.3445  0.3445  0.3445  0.3445  0.3673  0.2889  0.3445  0.2892  0.3094  0.3103

--- ARI ---
ds                    V1   V1+A1   V1+A3   V1+A5    V1+B   V1+C1   V1+C2   V1+AB   V1+AC   V1+BC  V1+ABC
GSE119531         0.5946  0.5946  0.5946  0.5946  0.5946  0.5923  0.3999  0.5946  0.5081  0.5888  0.5303

--- 平均 ---
var           F1     ARI     MCC
V1        0.3445  0.5946  0.1412
V1+A1     0.3445  0.5946  0.1412
V1+A3     0.3445  0.5946  0.1412
V1+A5     0.3445  0.5946  0.1412
V1+B      0.3445  0.5946  0.1412
V1+C1     0.3673  0.5923  0.1832
V1+C2     0.2889  0.3999  0.0442
V1+AB     0.3445  0.5946  0.1412
V1+AC     0.2892  0.5081  0.0284
V1+BC     0.3094  0.5888  0.0808
V1+ABC    0.3103  0.5303  0.0750

保存: ../results/ablation_v2/v2_seed1.json
