
============================================================
数据集: GSE84133
  cells=8569, k=14
  [1/11]      V1: ARI=0.8034 F1=0.6434 MCC=0.6226 (362s)
  [2/11]   V1+A1: ARI=0.8034 F1=0.6434 MCC=0.6226 (368s)
  [3/11]   V1+A3: ARI=0.8034 F1=0.6434 MCC=0.6226 (368s)
  [4/11]   V1+A5: ARI=0.8034 F1=0.6434 MCC=0.6226 (367s)
  [5/11]    V1+B: ARI=0.6456 F1=0.5264 MCC=0.4607 (368s)
  [6/11]   V1+C1: ARI=0.7243 F1=0.8329 MCC=0.8101 (366s)
  [7/11]   V1+C2: ARI=0.7192 F1=0.7078 MCC=0.6740 (367s)
  [8/11]   V1+AB: ARI=0.8039 F1=0.6443 MCC=0.6247 (371s)
  [9/11]   V1+AC: ARI=0.6574 F1=0.7881 MCC=0.7657 (370s)
  [10/11]   V1+BC: ARI=0.5838 F1=0.5987 MCC=0.5741 (371s)
  [11/11]  V1+ABC: ARI=0.7258 F1=0.6338 MCC=0.5790 (374s)

================================================================================
--- F1 ---
ds                    V1   V1+A1   V1+A3   V1+A5    V1+B   V1+C1   V1+C2   V1+AB   V1+AC   V1+BC  V1+ABC
GSE84133          0.6434  0.6434  0.6434  0.6434  0.5264  0.8329  0.7078  0.6443  0.7881  0.5987  0.6338

--- ARI ---
ds                    V1   V1+A1   V1+A3   V1+A5    V1+B   V1+C1   V1+C2   V1+AB   V1+AC   V1+BC  V1+ABC
GSE84133          0.8034  0.8034  0.8034  0.8034  0.6456  0.7243  0.7192  0.8039  0.6574  0.5838  0.7258

--- 平均 ---
var           F1     ARI     MCC
V1        0.6434  0.8034  0.6226
V1+A1     0.6434  0.8034  0.6226
V1+A3     0.6434  0.8034  0.6226
V1+A5     0.6434  0.8034  0.6226
V1+B      0.5264  0.6456  0.4607
V1+C1     0.8329  0.7243  0.8101
V1+C2     0.7078  0.7192  0.6740
V1+AB     0.6443  0.8039  0.6247
V1+AC     0.7881  0.6574  0.7657
V1+BC     0.5987  0.5838  0.5741
V1+ABC    0.6338  0.7258  0.5790

保存: ../results/ablation_v2/v2_seed1.json
