
============================================================
数据集: GSE139658
  cells=9662, k=24
  [1/11]      V1: ARI=0.6396 F1=0.6875 MCC=0.4996 (359s)
  [2/11]   V1+A1: ARI=0.6124 F1=0.6925 MCC=0.5074 (363s)
  [3/11]   V1+A3: ARI=0.6251 F1=0.7000 MCC=0.5197 (361s)
  [4/11]   V1+A5: ARI=0.6738 F1=0.7361 MCC=0.5838 (362s)
  [5/11]    V1+B: ARI=0.6285 F1=0.7538 MCC=0.6143 (367s)
  [6/11]   V1+C1: ARI=0.6038 F1=0.7314 MCC=0.5825 (355s)
  [7/11]   V1+C2: ARI=0.5421 F1=0.6222 MCC=0.4084 (342s)
  [8/11]   V1+AB: ARI=0.6144 F1=0.6872 MCC=0.4983 (351s)
  [9/11]   V1+AC: ARI=0.5856 F1=0.6528 MCC=0.4506 (338s)
  [10/11]   V1+BC: ARI=0.6008 F1=0.7181 MCC=0.5517 (346s)
  [11/11]  V1+ABC: ARI=0.6155 F1=0.7803 MCC=0.6586 (348s)

================================================================================
--- F1 ---
ds                    V1   V1+A1   V1+A3   V1+A5    V1+B   V1+C1   V1+C2   V1+AB   V1+AC   V1+BC  V1+ABC
GSE139658         0.6875  0.6925  0.7000  0.7361  0.7538  0.7314  0.6222  0.6872  0.6528  0.7181  0.7803

--- ARI ---
ds                    V1   V1+A1   V1+A3   V1+A5    V1+B   V1+C1   V1+C2   V1+AB   V1+AC   V1+BC  V1+ABC
GSE139658         0.6396  0.6124  0.6251  0.6738  0.6285  0.6038  0.5421  0.6144  0.5856  0.6008  0.6155

--- 平均 ---
var           F1     ARI     MCC
V1        0.6875  0.6396  0.4996
V1+A1     0.6925  0.6124  0.5074
V1+A3     0.7000  0.6251  0.5197
V1+A5     0.7361  0.6738  0.5838
V1+B      0.7538  0.6285  0.6143
V1+C1     0.7314  0.6038  0.5825
V1+C2     0.6222  0.5421  0.4084
V1+AB     0.6872  0.6144  0.4983
V1+AC     0.6528  0.5856  0.4506
V1+BC     0.7181  0.6008  0.5517
V1+ABC    0.7803  0.6155  0.6586

保存: ../results/ablation_v2/v2_seed1.json
