
============================================================
数据集: Pollen
  cells=301, k=11
  [1/11]      V1: ARI=0.9396 F1=0.6818 MCC=0.6576 (12s)
  [2/11]   V1+A1: ARI=0.9396 F1=0.6818 MCC=0.6576 (9s)
  [3/11]   V1+A3: ARI=0.9396 F1=0.6818 MCC=0.6576 (9s)
  [4/11]   V1+A5: ARI=0.9396 F1=0.6818 MCC=0.6576 (9s)
  [5/11]    V1+B: ARI=0.9432 F1=0.6522 MCC=0.6234 (9s)
  [6/11]   V1+C1: ARI=0.9365 F1=0.6977 MCC=0.6765 (9s)
  [7/11]   V1+C2: ARI=0.8007 F1=0.0000 MCC=-0.0166 (9s)
  [8/11]   V1+AB: ARI=0.9432 F1=0.6522 MCC=0.6234 (9s)
  [9/11]   V1+AC: ARI=0.9351 F1=0.7143 MCC=0.6967 (9s)
  [10/11]   V1+BC: ARI=0.9391 F1=0.6522 MCC=0.6234 (9s)
  [11/11]  V1+ABC: ARI=0.9362 F1=0.0870 MCC=0.0114 (9s)

================================================================================
--- F1 ---
ds                    V1   V1+A1   V1+A3   V1+A5    V1+B   V1+C1   V1+C2   V1+AB   V1+AC   V1+BC  V1+ABC
Pollen            0.6818  0.6818  0.6818  0.6818  0.6522  0.6977  0.0000  0.6522  0.7143  0.6522  0.0870

--- ARI ---
ds                    V1   V1+A1   V1+A3   V1+A5    V1+B   V1+C1   V1+C2   V1+AB   V1+AC   V1+BC  V1+ABC
Pollen            0.9396  0.9396  0.9396  0.9396  0.9432  0.9365  0.8007  0.9432  0.9351  0.9391  0.9362

--- 平均 ---
var           F1     ARI     MCC
V1        0.6818  0.9396  0.6576
V1+A1     0.6818  0.9396  0.6576
V1+A3     0.6818  0.9396  0.6576
V1+A5     0.6818  0.9396  0.6576
V1+B      0.6522  0.9432  0.6234
V1+C1     0.6977  0.9365  0.6765
V1+C2     0.0000  0.8007 -0.0166
V1+AB     0.6522  0.9432  0.6234
V1+AC     0.7143  0.9351  0.6967
V1+BC     0.6522  0.9391  0.6234
V1+ABC    0.0870  0.9362  0.0114

保存: ../results/ablation_v2/v2_seed1.json
